Tools.h:92:22:DWT_Delay_us	24	static
Tools.h:101:22:DWT_Delay_ms	24	static
MFRC522.c:88:6:MFRC522	8	static
MFRC522.c:103:6:PCD_WriteRegister	24	static
MFRC522.c:116:6:PCD_WriteRegisterMany	32	static
MFRC522.c:132:6:PCD_ReadRegister	32	static
MFRC522.c:147:6:PCD_ReadRegisterMany	40	static
MFRC522.c:194:6:PCD_SetRegisterBitMask	24	static
MFRC522.c:205:6:PCD_ClearRegisterBitMask	24	static
MFRC522.c:219:12:PCD_CalculateCRC	40	static
MFRC522.c:256:6:PCD_Init	16	static
MFRC522.c:305:6:PCD_Reset	16	static
MFRC522.c:321:6:PCD_AntennaOn	16	static
MFRC522.c:331:6:PCD_AntennaOff	8	static
MFRC522.c:342:6:PCD_GetAntennaGain	8	static
MFRC522.c:351:6:PCD_SetAntennaGain	16	static
MFRC522.c:364:9:PCD_PerformSelfTest	120	static
MFRC522.c:456:6:PCD_SoftPowerDown	16	static
MFRC522.c:462:6:PCD_SoftPowerUp	16	static
MFRC522.c:487:12:PCD_TransceiveData	56	static
MFRC522.c:505:12:PCD_CommunicateWithPICC	32	static
MFRC522.c:605:12:PICC_RequestA	16	static
MFRC522.c:617:12:PICC_WakeupA	16	static
MFRC522.c:629:12:PICC_REQA_or_WUPA	48	static
MFRC522.c:668:12:PICC_Select	72	static
MFRC522.c:885:12:PICC_HaltA	32	static
MFRC522.c:929:12:PCD_Authenticate	64	static
MFRC522.c:959:6:PCD_StopCrypto1	8	static
MFRC522.c:980:12:MIFARE_Read	48	static
MFRC522.c:1015:12:MIFARE_Write	24	static
MFRC522.c:1050:12:MIFARE_Ultralight_Write	24	static
MFRC522.c:1083:12:MIFARE_Decrement	16	static
MFRC522.c:1097:12:MIFARE_Increment	16	static
MFRC522.c:1111:12:MIFARE_Restore	16	static
MFRC522.c:1123:12:MIFARE_TwoStepHelper	24	static
MFRC522.c:1154:12:MIFARE_Transfer	24	static
MFRC522.c:1180:12:MIFARE_GetValue	40	static
MFRC522.c:1205:12:MIFARE_SetValue	40	static
MFRC522.c:1235:12:PCD_NTAG216_AUTH	72	static
MFRC522.c:1282:12:PCD_MIFARE_Transceive	64	static
MFRC522.c:1328:13:GetStatusCodeName	16	static
MFRC522.c:1349:11:PICC_GetType	16	static
MFRC522.c:1376:13:PICC_GetTypeName	16	static
MFRC522.c:1398:6:PCD_DumpVersionToSerial	16	static
MFRC522.c:1422:6:PICC_DumpToSerial	24	static
MFRC522.c:1467:6:PICC_DumpDetailsToSerial	32	static
MFRC522.c:1496:6:PICC_DumpMifareClassicToSerial	32	static
MFRC522.c:1537:6:PICC_DumpMifareClassicSectorToSerial	80	static
MFRC522.c:1693:6:PICC_DumpMifareUltralightToSerial	48	static
MFRC522.c:1735:6:MIFARE_SetAccessBits	24	static
MFRC522.c:1762:9:MIFARE_OpenUidBackdoor	80	static
MFRC522.c:1832:9:MIFARE_SetUid	64	static
MFRC522.c:1941:9:MIFARE_UnbrickUidSector	48	static
MFRC522.c:1968:9:PICC_IsNewCardPresent	16	static
MFRC522.c:1990:9:PICC_ReadCardSerial	16	static
